Archive member included to satisfy reference by file (symbol)

c:/st/stm32cubeide_1.5.1/stm32cubeide/plugins/com.st.stm32cube.ide.mcu.externaltools.gnu-tools-for-stm32.7-2018-q2-update.win32_1.5.0.202011040924/tools/bin/../lib/gcc/arm-none-eabi/7.3.1/../../../../arm-none-eabi/lib/thumb/v7e-m/fpv4-sp/hard\libc_nano.a(lib_a-errno.o)
                              Core/Src/syscalls.o (__errno)
c:/st/stm32cubeide_1.5.1/stm32cubeide/plugins/com.st.stm32cube.ide.mcu.externaltools.gnu-tools-for-stm32.7-2018-q2-update.win32_1.5.0.202011040924/tools/bin/../lib/gcc/arm-none-eabi/7.3.1/../../../../arm-none-eabi/lib/thumb/v7e-m/fpv4-sp/hard\libc_nano.a(lib_a-exit.o)
                              c:/st/stm32cubeide_1.5.1/stm32cubeide/plugins/com.st.stm32cube.ide.mcu.externaltools.gnu-tools-for-stm32.7-2018-q2-update.win32_1.5.0.202011040924/tools/bin/../lib/gcc/arm-none-eabi/7.3.1/../../../../arm-none-eabi/lib/thumb/v7e-m/fpv4-sp/hard/crt0.o (exit)
c:/st/stm32cubeide_1.5.1/stm32cubeide/plugins/com.st.stm32cube.ide.mcu.externaltools.gnu-tools-for-stm32.7-2018-q2-update.win32_1.5.0.202011040924/tools/bin/../lib/gcc/arm-none-eabi/7.3.1/../../../../arm-none-eabi/lib/thumb/v7e-m/fpv4-sp/hard\libc_nano.a(lib_a-impure.o)
                              c:/st/stm32cubeide_1.5.1/stm32cubeide/plugins/com.st.stm32cube.ide.mcu.externaltools.gnu-tools-for-stm32.7-2018-q2-update.win32_1.5.0.202011040924/tools/bin/../lib/gcc/arm-none-eabi/7.3.1/../../../../arm-none-eabi/lib/thumb/v7e-m/fpv4-sp/hard\libc_nano.a(lib_a-exit.o) (_global_impure_ptr)
c:/st/stm32cubeide_1.5.1/stm32cubeide/plugins/com.st.stm32cube.ide.mcu.externaltools.gnu-tools-for-stm32.7-2018-q2-update.win32_1.5.0.202011040924/tools/bin/../lib/gcc/arm-none-eabi/7.3.1/../../../../arm-none-eabi/lib/thumb/v7e-m/fpv4-sp/hard\libc_nano.a(lib_a-init.o)
                              c:/st/stm32cubeide_1.5.1/stm32cubeide/plugins/com.st.stm32cube.ide.mcu.externaltools.gnu-tools-for-stm32.7-2018-q2-update.win32_1.5.0.202011040924/tools/bin/../lib/gcc/arm-none-eabi/7.3.1/../../../../arm-none-eabi/lib/thumb/v7e-m/fpv4-sp/hard/crt0.o (__libc_init_array)
c:/st/stm32cubeide_1.5.1/stm32cubeide/plugins/com.st.stm32cube.ide.mcu.externaltools.gnu-tools-for-stm32.7-2018-q2-update.win32_1.5.0.202011040924/tools/bin/../lib/gcc/arm-none-eabi/7.3.1/../../../../arm-none-eabi/lib/thumb/v7e-m/fpv4-sp/hard\libc_nano.a(lib_a-malloc.o)
                              Core/Src/BME280.o (malloc)
c:/st/stm32cubeide_1.5.1/stm32cubeide/plugins/com.st.stm32cube.ide.mcu.externaltools.gnu-tools-for-stm32.7-2018-q2-update.win32_1.5.0.202011040924/tools/bin/../lib/gcc/arm-none-eabi/7.3.1/../../../../arm-none-eabi/lib/thumb/v7e-m/fpv4-sp/hard\libc_nano.a(lib_a-memset.o)
                              c:/st/stm32cubeide_1.5.1/stm32cubeide/plugins/com.st.stm32cube.ide.mcu.externaltools.gnu-tools-for-stm32.7-2018-q2-update.win32_1.5.0.202011040924/tools/bin/../lib/gcc/arm-none-eabi/7.3.1/../../../../arm-none-eabi/lib/thumb/v7e-m/fpv4-sp/hard/crt0.o (memset)
c:/st/stm32cubeide_1.5.1/stm32cubeide/plugins/com.st.stm32cube.ide.mcu.externaltools.gnu-tools-for-stm32.7-2018-q2-update.win32_1.5.0.202011040924/tools/bin/../lib/gcc/arm-none-eabi/7.3.1/../../../../arm-none-eabi/lib/thumb/v7e-m/fpv4-sp/hard\libc_nano.a(lib_a-nano-freer.o)
                              c:/st/stm32cubeide_1.5.1/stm32cubeide/plugins/com.st.stm32cube.ide.mcu.externaltools.gnu-tools-for-stm32.7-2018-q2-update.win32_1.5.0.202011040924/tools/bin/../lib/gcc/arm-none-eabi/7.3.1/../../../../arm-none-eabi/lib/thumb/v7e-m/fpv4-sp/hard\libc_nano.a(lib_a-malloc.o) (_free_r)
c:/st/stm32cubeide_1.5.1/stm32cubeide/plugins/com.st.stm32cube.ide.mcu.externaltools.gnu-tools-for-stm32.7-2018-q2-update.win32_1.5.0.202011040924/tools/bin/../lib/gcc/arm-none-eabi/7.3.1/../../../../arm-none-eabi/lib/thumb/v7e-m/fpv4-sp/hard\libc_nano.a(lib_a-nano-mallocr.o)
                              c:/st/stm32cubeide_1.5.1/stm32cubeide/plugins/com.st.stm32cube.ide.mcu.externaltools.gnu-tools-for-stm32.7-2018-q2-update.win32_1.5.0.202011040924/tools/bin/../lib/gcc/arm-none-eabi/7.3.1/../../../../arm-none-eabi/lib/thumb/v7e-m/fpv4-sp/hard\libc_nano.a(lib_a-malloc.o) (_malloc_r)
c:/st/stm32cubeide_1.5.1/stm32cubeide/plugins/com.st.stm32cube.ide.mcu.externaltools.gnu-tools-for-stm32.7-2018-q2-update.win32_1.5.0.202011040924/tools/bin/../lib/gcc/arm-none-eabi/7.3.1/../../../../arm-none-eabi/lib/thumb/v7e-m/fpv4-sp/hard\libc_nano.a(lib_a-sbrkr.o)
                              c:/st/stm32cubeide_1.5.1/stm32cubeide/plugins/com.st.stm32cube.ide.mcu.externaltools.gnu-tools-for-stm32.7-2018-q2-update.win32_1.5.0.202011040924/tools/bin/../lib/gcc/arm-none-eabi/7.3.1/../../../../arm-none-eabi/lib/thumb/v7e-m/fpv4-sp/hard\libc_nano.a(lib_a-nano-mallocr.o) (_sbrk_r)
[...]
Memory Configuration

Name             Origin             Length             Attributes
RAM              0x0000000020000000 0x0000000000020000 xrw
FLASH            0x0000000008000000 0x0000000000080000 xr
*default*        0x0000000000000000 0xffffffffffffffff

Linker script and memory map

LOAD c:/st/stm32cubeide_1.5.1/stm32cubeide/plugins/com.st.stm32cube.ide.mcu.externaltools.gnu-tools-for-stm32.7-2018-q2-update.win32_1.5.0.202011040924/tools/bin/../lib/gcc/arm-none-eabi/7.3.1/thumb/v7e-m/fpv4-sp/hard/crti.o
LOAD c:/st/stm32cubeide_1.5.1/stm32cubeide/plugins/com.st.stm32cube.ide.mcu.externaltools.gnu-tools-for-stm32.7-2018-q2-update.win32_1.5.0.202011040924/tools/bin/../lib/gcc/arm-none-eabi/7.3.1/thumb/v7e-m/fpv4-sp/hard/crtbegin.o
LOAD c:/st/stm32cubeide_1.5.1/stm32cubeide/plugins/com.st.stm32cube.ide.mcu.externaltools.gnu-tools-for-stm32.7-2018-q2-update.win32_1.5.0.202011040924/tools/bin/../lib/gcc/arm-none-eabi/7.3.1/../../../../arm-none-eabi/lib/thumb/v7e-m/fpv4-sp/hard/crt0.o
LOAD Core/Src/BME280.o
LOAD Core/Src/SerialDebug.o
LOAD Core/Src/VL6180X.o
LOAD Core/Src/main.o
LOAD Core/Src/stm32f4xx_hal_msp.o
LOAD Core/Src/stm32f4xx_it.o
LOAD Core/Src/syscalls.o
LOAD Core/Src/sysmem.o
LOAD Core/Src/system_stm32f4xx.o
LOAD Core/Startup/startup_stm32f446retx.o
LOAD Drivers/STM32F4xx_HAL_Driver/Src/stm32f4xx_hal.o
LOAD Drivers/STM32F4xx_HAL_Driver/Src/stm32f4xx_hal_cortex.o
LOAD Drivers/STM32F4xx_HAL_Driver/Src/stm32f4xx_hal_dma.o
LOAD Drivers/STM32F4xx_HAL_Driver/Src/stm32f4xx_hal_dma_ex.o
LOAD Drivers/STM32F4xx_HAL_Driver/Src/stm32f4xx_hal_exti.o
LOAD Drivers/STM32F4xx_HAL_Driver/Src/stm32f4xx_hal_flash.o
LOAD Drivers/STM32F4xx_HAL_Driver/Src/stm32f4xx_hal_flash_ex.o
LOAD Drivers/STM32F4xx_HAL_Driver/Src/stm32f4xx_hal_flash_ramfunc.o
LOAD Drivers/STM32F4xx_HAL_Driver/Src/stm32f4xx_hal_gpio.o
LOAD Drivers/STM32F4xx_HAL_Driver/Src/stm32f4xx_hal_i2c.o
LOAD Drivers/STM32F4xx_HAL_Driver/Src/stm32f4xx_hal_i2c_ex.o
LOAD Drivers/STM32F4xx_HAL_Driver/Src/stm32f4xx_hal_pwr.o
LOAD Drivers/STM32F4xx_HAL_Driver/Src/stm32f4xx_hal_pwr_ex.o
LOAD Drivers/STM32F4xx_HAL_Driver/Src/stm32f4xx_hal_rcc.o
LOAD Drivers/STM32F4xx_HAL_Driver/Src/stm32f4xx_hal_rcc_ex.o
LOAD Drivers/STM32F4xx_HAL_Driver/Src/stm32f4xx_hal_tim.o
LOAD Drivers/STM32F4xx_HAL_Driver/Src/stm32f4xx_hal_tim_ex.o
LOAD Drivers/STM32F4xx_HAL_Driver/Src/stm32f4xx_hal_uart.o
START GROUP
LOAD c:/st/stm32cubeide_1.5.1/stm32cubeide/plugins/com.st.stm32cube.ide.mcu.externaltools.gnu-tools-for-stm32.7-2018-q2-update.win32_1.5.0.202011040924/tools/bin/../lib/gcc/arm-none-eabi/7.3.1/../../../../arm-none-eabi/lib/thumb/v7e-m/fpv4-sp/hard\libc_nano.a
LOAD c:/st/stm32cubeide_1.5.1/stm32cubeide/plugins/com.st.stm32cube.ide.mcu.externaltools.gnu-tools-for-stm32.7-2018-q2-update.win32_1.5.0.202011040924/tools/bin/../lib/gcc/arm-none-eabi/7.3.1/../../../../arm-none-eabi/lib/thumb/v7e-m/fpv4-sp/hard\libm.a
END GROUP
START GROUP
LOAD c:/st/stm32cubeide_1.5.1/stm32cubeide/plugins/com.st.stm32cube.ide.mcu.externaltools.gnu-tools-for-stm32.7-2018-q2-update.win32_1.5.0.202011040924/tools/bin/../lib/gcc/arm-none-eabi/7.3.1/thumb/v7e-m/fpv4-sp/hard\libgcc.a
LOAD c:/st/stm32cubeide_1.5.1/stm32cubeide/plugins/com.st.stm32cube.ide.mcu.externaltools.gnu-tools-for-stm32.7-2018-q2-update.win32_1.5.0.202011040924/tools/bin/../lib/gcc/arm-none-eabi/7.3.1/../../../../arm-none-eabi/lib/thumb/v7e-m/fpv4-sp/hard\libc_nano.a
END GROUP
START GROUP
LOAD c:/st/stm32cubeide_1.5.1/stm32cubeide/plugins/com.st.stm32cube.ide.mcu.externaltools.gnu-tools-for-stm32.7-2018-q2-update.win32_1.5.0.202011040924/tools/bin/../lib/gcc/arm-none-eabi/7.3.1/thumb/v7e-m/fpv4-sp/hard\libgcc.a
LOAD c:/st/stm32cubeide_1.5.1/stm32cubeide/plugins/com.st.stm32cube.ide.mcu.externaltools.gnu-tools-for-stm32.7-2018-q2-update.win32_1.5.0.202011040924/tools/bin/../lib/gcc/arm-none-eabi/7.3.1/../../../../arm-none-eabi/lib/thumb/v7e-m/fpv4-sp/hard\libc_nano.a
LOAD c:/st/stm32cubeide_1.5.1/stm32cubeide/plugins/com.st.stm32cube.ide.mcu.externaltools.gnu-tools-for-stm32.7-2018-q2-update.win32_1.5.0.202011040924/tools/bin/../lib/gcc/arm-none-eabi/7.3.1/../../../../arm-none-eabi/lib/thumb/v7e-m/fpv4-sp/hard\libnosys.a
END GROUP
START GROUP
LOAD c:/st/stm32cubeide_1.5.1/stm32cubeide/plugins/com.st.stm32cube.ide.mcu.externaltools.gnu-tools-for-stm32.7-2018-q2-update.win32_1.5.0.202011040924/tools/bin/../lib/gcc/arm-none-eabi/7.3.1/thumb/v7e-m/fpv4-sp/hard\libgcc.a
LOAD c:/st/stm32cubeide_1.5.1/stm32cubeide/plugins/com.st.stm32cube.ide.mcu.externaltools.gnu-tools-for-stm32.7-2018-q2-update.win32_1.5.0.202011040924/tools/bin/../lib/gcc/arm-none-eabi/7.3.1/../../../../arm-none-eabi/lib/thumb/v7e-m/fpv4-sp/hard\libc_nano.a
LOAD c:/st/stm32cubeide_1.5.1/stm32cubeide/plugins/com.st.stm32cube.ide.mcu.externaltools.gnu-tools-for-stm32.7-2018-q2-update.win32_1.5.0.202011040924/tools/bin/../lib/gcc/arm-none-eabi/7.3.1/../../../../arm-none-eabi/lib/thumb/v7e-m/fpv4-sp/hard\libnosys.a
END GROUP
LOAD c:/st/stm32cubeide_1.5.1/stm32cubeide/plugins/com.st.stm32cube.ide.mcu.externaltools.gnu-tools-for-stm32.7-2018-q2-update.win32_1.5.0.202011040924/tools/bin/../lib/gcc/arm-none-eabi/7.3.1/thumb/v7e-m/fpv4-sp/hard/crtend.o
LOAD c:/st/stm32cubeide_1.5.1/stm32cubeide/plugins/com.st.stm32cube.ide.mcu.externaltools.gnu-tools-for-stm32.7-2018-q2-update.win32_1.5.0.202011040924/tools/bin/../lib/gcc/arm-none-eabi/7.3.1/thumb/v7e-m/fpv4-sp/hard/crtn.o
                0x0000000020020000                _estack = (ORIGIN (RAM) + LENGTH (RAM))
                0x0000000000000200                _Min_Heap_Size = 0x200
                0x0000000000000400                _Min_Stack_Size = 0x400

.isr_vector     0x0000000008000000      0x1c4
                0x0000000008000000                . = ALIGN (0x4)
 *(.isr_vector)
 .isr_vector    0x0000000008000000      0x1c4 Core/Startup/startup_stm32f446retx.o
                0x0000000008000000                g_pfnVectors
                0x00000000080001c4                . = ALIGN (0x4)

.text           0x00000000080001c4     0x35fc
                0x00000000080001c4                . = ALIGN (0x4)
 *(.text)
 .text          0x00000000080001c4       0x40 c:/st/stm32cubeide_1.5.1/stm32cubeide/plugins/com.st.stm32cube.ide.mcu.externaltools.gnu-tools-for-stm32.7-2018-q2-update.win32_1.5.0.202011040924/tools/bin/../lib/gcc/arm-none-eabi/7.3.1/thumb/v7e-m/fpv4-sp/hard/crtbegin.o
 .text          0x0000000008000204       0x10 c:/st/stm32cubeide_1.5.1/stm32cubeide/plugins/com.st.stm32cube.ide.mcu.externaltools.gnu-tools-for-stm32.7-2018-q2-update.win32_1.5.0.202011040924/tools/bin/../lib/gcc/arm-none-eabi/7.3.1/../../../../arm-none-eabi/lib/thumb/v7e-m/fpv4-sp/hard\libc_nano.a(lib_a-strlen.o)
                0x0000000008000204                strlen
 .text          0x0000000008000214       0x30 c:/st/stm32cubeide_1.5.1/stm32cubeide/plugins/com.st.stm32cube.ide.mcu.externaltools.gnu-tools-for-stm32.7-2018-q2-update.win32_1.5.0.202011040924/tools/bin/../lib/gcc/arm-none-eabi/7.3.1/thumb/v7e-m/fpv4-sp/hard\libgcc.a(_aeabi_uldivmod.o)
                0x0000000008000214                __aeabi_uldivmod
 .text          0x0000000008000244      0x2cc c:/st/stm32cubeide_1.5.1/stm32cubeide/plugins/com.st.stm32cube.ide.mcu.externaltools.gnu-tools-for-stm32.7-2018-q2-update.win32_1.5.0.202011040924/tools/bin/../lib/gcc/arm-none-eabi/7.3.1/thumb/v7e-m/fpv4-sp/hard\libgcc.a(_udivmoddi4.o)
                0x0000000008000244                __udivmoddi4
 .text          0x0000000008000510        0x4 c:/st/stm32cubeide_1.5.1/stm32cubeide/plugins/com.st.stm32cube.ide.mcu.externaltools.gnu-tools-for-stm32.7-2018-q2-update.win32_1.5.0.202011040924/tools/bin/../lib/gcc/arm-none-eabi/7.3.1/thumb/v7e-m/fpv4-sp/hard\libgcc.a(_dvmd_tls.o)
                0x0000000008000510                __aeabi_idiv0
                0x0000000008000510                __aeabi_ldiv0
 *(.text*)
 .text.BME280_write_reg
                0x0000000008000514       0x54 Core/Src/BME280.o
                0x0000000008000514                BME280_write_reg
 .text.BME280_init
                0x0000000008000568       0x2c Core/Src/BME280.o
                0x0000000008000568                BME280_init
 .text.DebugLog
                0x0000000008000594       0x2c Core/Src/SerialDebug.o
                0x0000000008000594                DebugLog
 .text.VL6180X_read_reg
                0x00000000080005c0       0x7c Core/Src/VL6180X.o
                0x00000000080005c0                VL6180X_read_reg
 .text.VL6180X_write_reg
                0x000000000800063c       0x5c Core/Src/VL6180X.o
                0x000000000800063c                VL6180X_write_reg
 .text.VL6180X_init
                0x0000000008000698      0x176 Core/Src/VL6180X.o
                0x0000000008000698                VL6180X_init
 *fill*         0x000000000800080e        0x2 
 .text.main     0x0000000008000810       0x98 Core/Src/main.o
                0x0000000008000810                main
 .text.CheckTestButton
                0x00000000080008a8       0x24 Core/Src/main.o
                0x00000000080008a8                CheckTestButton
 .text.SystemClock_Config
                0x00000000080008cc       0xdc Core/Src/main.o
                0x00000000080008cc                SystemClock_Config
 .text.MX_I2C1_Init
                0x00000000080009a8       0x5c Core/Src/main.o
 .text.MX_UART4_Init
                0x0000000008000a04       0x54 Core/Src/main.o
 .text.MX_USART2_UART_Init
                0x0000000008000a58       0x54 Core/Src/main.o
 .text.MX_GPIO_Init
                0x0000000008000aac       0xe0 Core/Src/main.o
 .text.Error_Handler
                0x0000000008000b8c        0x8 Core/Src/main.o
                0x0000000008000b8c                Error_Handler
 .text.HAL_MspInit
                0x0000000008000b94       0x50 Core/Src/stm32f4xx_hal_msp.o
                0x0000000008000b94                HAL_MspInit
 .text.HAL_I2C_MspInit
                0x0000000008000be4       0x90 Core/Src/stm32f4xx_hal_msp.o
                0x0000000008000be4                HAL_I2C_MspInit
 .text.HAL_UART_MspInit
                0x0000000008000c74       0xf8 Core/Src/stm32f4xx_hal_msp.o
                0x0000000008000c74                HAL_UART_MspInit
 .text.NMI_Handler
                0x0000000008000d6c        0x6 Core/Src/stm32f4xx_it.o
                0x0000000008000d6c                NMI_Handler
 .text.HardFault_Handler
                0x0000000008000d72        0x6 Core/Src/stm32f4xx_it.o
                0x0000000008000d72                HardFault_Handler
 .text.MemManage_Handler
                0x0000000008000d78        0x6 Core/Src/stm32f4xx_it.o
                0x0000000008000d78                MemManage_Handler
 .text.BusFault_Handler
                0x0000000008000d7e        0x6 Core/Src/stm32f4xx_it.o
                0x0000000008000d7e                BusFault_Handler
 .text.UsageFault_Handler
                0x0000000008000d84        0x6 Core/Src/stm32f4xx_it.o
                0x0000000008000d84                UsageFault_Handler
 .text.SVC_Handler
                0x0000000008000d8a        0xe Core/Src/stm32f4xx_it.o
                0x0000000008000d8a                SVC_Handler
 .text.DebugMon_Handler
                0x0000000008000d98        0xe Core/Src/stm32f4xx_it.o
                0x0000000008000d98                DebugMon_Handler
 .text.PendSV_Handler
                0x0000000008000da6        0xe Core/Src/stm32f4xx_it.o
                0x0000000008000da6                PendSV_Handler
 .text.SysTick_Handler
                0x0000000008000db4        0xc Core/Src/stm32f4xx_it.o
                0x0000000008000db4                SysTick_Handler
 .text.SystemInit
                0x0000000008000dc0       0x2c Core/Src/system_stm32f4xx.o
                0x0000000008000dc0                SystemInit
 .text.Reset_Handler
                0x0000000008000dec       0x50 Core/Startup/startup_stm32f446retx.o
                0x0000000008000dec                Reset_Handler
 .text.Default_Handler
                0x0000000008000e3c        0x2 Core/Startup/startup_stm32f446retx.o
                0x0000000008000e3c                RTC_Alarm_IRQHandler
                0x0000000008000e3c                EXTI2_IRQHandler
                0x0000000008000e3c                TIM8_CC_IRQHandler
                0x0000000008000e3c                FMPI2C1_EV_IRQHandler
                0x0000000008000e3c                SPI4_IRQHandler
                0x0000000008000e3c                TIM1_CC_IRQHandler
                0x0000000008000e3c                DMA2_Stream5_IRQHandler
                0x0000000008000e3c                DMA1_Stream5_IRQHandler
                0x0000000008000e3c                PVD_IRQHandler
                0x0000000008000e3c                SDIO_IRQHandler
                0x0000000008000e3c                TAMP_STAMP_IRQHandler
                0x0000000008000e3c                CAN2_RX1_IRQHandler
                0x0000000008000e3c                EXTI3_IRQHandler
                0x0000000008000e3c                TIM8_TRG_COM_TIM14_IRQHandler
                0x0000000008000e3c                TIM1_UP_TIM10_IRQHandler
                0x0000000008000e3c                TIM8_UP_TIM13_IRQHandler
                0x0000000008000e3c                I2C3_ER_IRQHandler
                0x0000000008000e3c                EXTI0_IRQHandler
                0x0000000008000e3c                I2C2_EV_IRQHandler
                0x0000000008000e3c                DMA1_Stream2_IRQHandler
                0x0000000008000e3c                CAN1_RX0_IRQHandler
                0x0000000008000e3c                FPU_IRQHandler
                0x0000000008000e3c                OTG_HS_WKUP_IRQHandler
                0x0000000008000e3c                CAN2_SCE_IRQHandler
                0x0000000008000e3c                DMA2_Stream2_IRQHandler
                0x0000000008000e3c                SPI1_IRQHandler
                0x0000000008000e3c                TIM6_DAC_IRQHandler
                0x0000000008000e3c                TIM1_BRK_TIM9_IRQHandler
                0x0000000008000e3c                DCMI_IRQHandler
                0x0000000008000e3c                CAN2_RX0_IRQHandler
                0x0000000008000e3c                DMA2_Stream3_IRQHandler
                0x0000000008000e3c                SAI2_IRQHandler
                0x0000000008000e3c                USART6_IRQHandler
                0x0000000008000e3c                USART3_IRQHandler
                0x0000000008000e3c                CAN1_RX1_IRQHandler
                0x0000000008000e3c                UART5_IRQHandler
                0x0000000008000e3c                DMA2_Stream0_IRQHandler
                0x0000000008000e3c                TIM4_IRQHandler
                0x0000000008000e3c                QUADSPI_IRQHandler
                0x0000000008000e3c                I2C1_EV_IRQHandler
                0x0000000008000e3c                DMA1_Stream6_IRQHandler
                0x0000000008000e3c                DMA1_Stream1_IRQHandler
                0x0000000008000e3c                UART4_IRQHandler
                0x0000000008000e3c                TIM3_IRQHandler
                0x0000000008000e3c                RCC_IRQHandler
                0x0000000008000e3c                TIM8_BRK_TIM12_IRQHandler
                0x0000000008000e3c                Default_Handler
                0x0000000008000e3c                CEC_IRQHandler
                0x0000000008000e3c                EXTI15_10_IRQHandler
                0x0000000008000e3c                ADC_IRQHandler
                0x0000000008000e3c                DMA1_Stream7_IRQHandler
                0x0000000008000e3c                TIM7_IRQHandler
                0x0000000008000e3c                CAN2_TX_IRQHandler
                0x0000000008000e3c                TIM5_IRQHandler
                0x0000000008000e3c                DMA2_Stream7_IRQHandler
                0x0000000008000e3c                I2C3_EV_IRQHandler
                0x0000000008000e3c                EXTI9_5_IRQHandler
                0x0000000008000e3c                RTC_WKUP_IRQHandler
                0x0000000008000e3c                SPDIF_RX_IRQHandler
                0x0000000008000e3c                SPI2_IRQHandler
                0x0000000008000e3c                OTG_HS_EP1_IN_IRQHandler
                0x0000000008000e3c                DMA1_Stream0_IRQHandler
                0x0000000008000e3c                CAN1_TX_IRQHandler
                0x0000000008000e3c                FMPI2C1_ER_IRQHandler
                0x0000000008000e3c                EXTI4_IRQHandler
                0x0000000008000e3c                OTG_HS_EP1_OUT_IRQHandler
                0x0000000008000e3c                WWDG_IRQHandler
                0x0000000008000e3c                TIM2_IRQHandler
                0x0000000008000e3c                OTG_FS_WKUP_IRQHandler
                0x0000000008000e3c                TIM1_TRG_COM_TIM11_IRQHandler
                0x0000000008000e3c                OTG_HS_IRQHandler
                0x0000000008000e3c                EXTI1_IRQHandler
                0x0000000008000e3c                USART2_IRQHandler
                0x0000000008000e3c                I2C2_ER_IRQHandler
                0x0000000008000e3c                DMA2_Stream1_IRQHandler
                0x0000000008000e3c                CAN1_SCE_IRQHandler
                0x0000000008000e3c                FLASH_IRQHandler
                0x0000000008000e3c                DMA2_Stream4_IRQHandler
                0x0000000008000e3c                USART1_IRQHandler
                0x0000000008000e3c                OTG_FS_IRQHandler
                0x0000000008000e3c                SPI3_IRQHandler
                0x0000000008000e3c                DMA1_Stream4_IRQHandler
                0x0000000008000e3c                I2C1_ER_IRQHandler
                0x0000000008000e3c                FMC_IRQHandler
                0x0000000008000e3c                DMA2_Stream6_IRQHandler
                0x0000000008000e3c                SAI1_IRQHandler
                0x0000000008000e3c                DMA1_Stream3_IRQHandler
 *fill*         0x0000000008000e3e        0x2 
 .text.HAL_Init
                0x0000000008000e40       0x44 Drivers/STM32F4xx_HAL_Driver/Src/stm32f4xx_hal.o
                0x0000000008000e40                HAL_Init
 .text.HAL_InitTick
                0x0000000008000e84       0x60 Drivers/STM32F4xx_HAL_Driver/Src/stm32f4xx_hal.o
                0x0000000008000e84                HAL_InitTick
 .text.HAL_IncTick
                0x0000000008000ee4       0x28 Drivers/STM32F4xx_HAL_Driver/Src/stm32f4xx_hal.o
                0x0000000008000ee4                HAL_IncTick
 .text.HAL_GetTick
                0x0000000008000f0c       0x18 Drivers/STM32F4xx_HAL_Driver/Src/stm32f4xx_hal.o
                0x0000000008000f0c                HAL_GetTick
 .text.HAL_Delay
                0x0000000008000f24       0x44 Drivers/STM32F4xx_HAL_Driver/Src/stm32f4xx_hal.o
                0x0000000008000f24                HAL_Delay
 .text.__NVIC_SetPriorityGrouping
                0x0000000008000f68       0x48 Drivers/STM32F4xx_HAL_Driver/Src/stm32f4xx_hal_cortex.o
 .text.__NVIC_GetPriorityGrouping
                0x0000000008000fb0       0x1c Drivers/STM32F4xx_HAL_Driver/Src/stm32f4xx_hal_cortex.o
 .text.__NVIC_SetPriority
                0x0000000008000fcc       0x54 Drivers/STM32F4xx_HAL_Driver/Src/stm32f4xx_hal_cortex.o
 .text.NVIC_EncodePriority
                0x0000000008001020       0x66 Drivers/STM32F4xx_HAL_Driver/Src/stm32f4xx_hal_cortex.o
 *fill*         0x0000000008001086        0x2 
 .text.SysTick_Config
                0x0000000008001088       0x44 Drivers/STM32F4xx_HAL_Driver/Src/stm32f4xx_hal_cortex.o
 .text.HAL_NVIC_SetPriorityGrouping
                0x00000000080010cc       0x16 Drivers/STM32F4xx_HAL_Driver/Src/stm32f4xx_hal_cortex.o
                0x00000000080010cc                HAL_NVIC_SetPriorityGrouping
 .text.HAL_NVIC_SetPriority
                0x00000000080010e2       0x38 Drivers/STM32F4xx_HAL_Driver/Src/stm32f4xx_hal_cortex.o
                0x00000000080010e2                HAL_NVIC_SetPriority
 .text.HAL_SYSTICK_Config
                0x000000000800111a       0x18 Drivers/STM32F4xx_HAL_Driver/Src/stm32f4xx_hal_cortex.o
                0x000000000800111a                HAL_SYSTICK_Config
 *fill*         0x0000000008001132        0x2 
 .text.HAL_GPIO_Init
                0x0000000008001134      0x324 Drivers/STM32F4xx_HAL_Driver/Src/stm32f4xx_hal_gpio.o
                0x0000000008001134                HAL_GPIO_Init
 .text.HAL_GPIO_ReadPin
                0x0000000008001458       0x30 Drivers/STM32F4xx_HAL_Driver/Src/stm32f4xx_hal_gpio.o
                0x0000000008001458                HAL_GPIO_ReadPin
 .text.HAL_GPIO_WritePin
                0x0000000008001488       0x32 Drivers/STM32F4xx_HAL_Driver/Src/stm32f4xx_hal_gpio.o
                0x0000000008001488                HAL_GPIO_WritePin
 *fill*         0x00000000080014ba        0x2 
 .text.HAL_I2C_Init
                0x00000000080014bc      0x270 Drivers/STM32F4xx_HAL_Driver/Src/stm32f4xx_hal_i2c.o
                0x00000000080014bc                HAL_I2C_Init
 .text.HAL_I2C_Master_Transmit
                0x000000000800172c      0x1fc Drivers/STM32F4xx_HAL_Driver/Src/stm32f4xx_hal_i2c.o
                0x000000000800172c                HAL_I2C_Master_Transmit
 .text.HAL_I2C_Master_Receive
                0x0000000008001928      0x44c Drivers/STM32F4xx_HAL_Driver/Src/stm32f4xx_hal_i2c.o
                0x0000000008001928                HAL_I2C_Master_Receive
 .text.I2C_MasterRequestWrite
                0x0000000008001d74      0x104 Drivers/STM32F4xx_HAL_Driver/Src/stm32f4xx_hal_i2c.o
 .text.I2C_MasterRequestRead
                0x0000000008001e78      0x19c Drivers/STM32F4xx_HAL_Driver/Src/stm32f4xx_hal_i2c.o
 .text.I2C_WaitOnFlagUntilTimeout
                0x0000000008002014       0xae Drivers/STM32F4xx_HAL_Driver/Src/stm32f4xx_hal_i2c.o
 .text.I2C_WaitOnMasterAddressFlagUntilTimeout
                0x00000000080020c2       0xfe Drivers/STM32F4xx_HAL_Driver/Src/stm32f4xx_hal_i2c.o
 .text.I2C_WaitOnTXEFlagUntilTimeout
                0x00000000080021c0       0x82 Drivers/STM32F4xx_HAL_Driver/Src/stm32f4xx_hal_i2c.o
 .text.I2C_WaitOnBTFFlagUntilTimeout
                0x0000000008002242       0x82 Drivers/STM32F4xx_HAL_Driver/Src/stm32f4xx_hal_i2c.o
 .text.I2C_WaitOnRXNEFlagUntilTimeout
                0x00000000080022c4       0xac Drivers/STM32F4xx_HAL_Driver/Src/stm32f4xx_hal_i2c.o
 .text.I2C_IsAcknowledgeFailed
                0x0000000008002370       0x5e Drivers/STM32F4xx_HAL_Driver/Src/stm32f4xx_hal_i2c.o
 *fill*         0x00000000080023ce        0x2 
 .text.HAL_RCC_ClockConfig
                0x00000000080023d0      0x1cc Drivers/STM32F4xx_HAL_Driver/Src/stm32f4xx_hal_rcc.o
                0x00000000080023d0                HAL_RCC_ClockConfig
 .text.HAL_RCC_GetHCLKFreq
                0x000000000800259c       0x18 Drivers/STM32F4xx_HAL_Driver/Src/stm32f4xx_hal_rcc.o
                0x000000000800259c                HAL_RCC_GetHCLKFreq
 .text.HAL_RCC_GetPCLK1Freq
                0x00000000080025b4       0x28 Drivers/STM32F4xx_HAL_Driver/Src/stm32f4xx_hal_rcc.o
                0x00000000080025b4                HAL_RCC_GetPCLK1Freq
 .text.HAL_RCC_GetPCLK2Freq
                0x00000000080025dc       0x28 Drivers/STM32F4xx_HAL_Driver/Src/stm32f4xx_hal_rcc.o
                0x00000000080025dc                HAL_RCC_GetPCLK2Freq
 .text.HAL_RCC_GetSysClockFreq
                0x0000000008002604      0x340 Drivers/STM32F4xx_HAL_Driver/Src/stm32f4xx_hal_rcc_ex.o
                0x0000000008002604                HAL_RCC_GetSysClockFreq
 .text.HAL_RCC_OscConfig
                0x0000000008002944      0x4b4 Drivers/STM32F4xx_HAL_Driver/Src/stm32f4xx_hal_rcc_ex.o
                0x0000000008002944                HAL_RCC_OscConfig
 .text.HAL_UART_Init
                0x0000000008002df8       0x9a Drivers/STM32F4xx_HAL_Driver/Src/stm32f4xx_hal_uart.o
                0x0000000008002df8                HAL_UART_Init
 .text.HAL_UART_Transmit
                0x0000000008002e92      0x132 Drivers/STM32F4xx_HAL_Driver/Src/stm32f4xx_hal_uart.o
                0x0000000008002e92                HAL_UART_Transmit
 .text.UART_WaitOnFlagUntilTimeout
                0x0000000008002fc4       0x94 Drivers/STM32F4xx_HAL_Driver/Src/stm32f4xx_hal_uart.o
 .text.UART_SetConfig
                0x0000000008003058      0x6f8 Drivers/STM32F4xx_HAL_Driver/Src/stm32f4xx_hal_uart.o
 .text.__libc_init_array
                0x0000000008003750       0x48 c:/st/stm32cubeide_1.5.1/stm32cubeide/plugins/com.st.stm32cube.ide.mcu.externaltools.gnu-tools-for-stm32.7-2018-q2-update.win32_1.5.0.202011040924/tools/bin/../lib/gcc/arm-none-eabi/7.3.1/../../../../arm-none-eabi/lib/thumb/v7e-m/fpv4-sp/hard\libc_nano.a(lib_a-init.o)
                0x0000000008003750                __libc_init_array
 .text.memset   0x0000000008003798       0x10 c:/st/stm32cubeide_1.5.1/stm32cubeide/plugins/com.st.stm32cube.ide.mcu.externaltools.gnu-tools-for-stm32.7-2018-q2-update.win32_1.5.0.202011040924/tools/bin/../lib/gcc/arm-none-eabi/7.3.1/../../../../arm-none-eabi/lib/thumb/v7e-m/fpv4-sp/hard\libc_nano.a(lib_a-memset.o)
                0x0000000008003798                memset
 *(.glue_7)
 .glue_7        0x00000000080037a8        0x0 linker stubs
 *(.glue_7t)
 .glue_7t       0x00000000080037a8        0x0 linker stubs
 *(.eh_frame)
 .eh_frame      0x00000000080037a8        0x0 c:/st/stm32cubeide_1.5.1/stm32cubeide/plugins/com.st.stm32cube.ide.mcu.externaltools.gnu-tools-for-stm32.7-2018-q2-update.win32_1.5.0.202011040924/tools/bin/../lib/gcc/arm-none-eabi/7.3.1/thumb/v7e-m/fpv4-sp/hard/crtbegin.o
 *(.init)
 .init          0x00000000080037a8        0x4 c:/st/stm32cubeide_1.5.1/stm32cubeide/plugins/com.st.stm32cube.ide.mcu.externaltools.gnu-tools-for-stm32.7-2018-q2-update.win32_1.5.0.202011040924/tools/bin/../lib/gcc/arm-none-eabi/7.3.1/thumb/v7e-m/fpv4-sp/hard/crti.o
                0x00000000080037a8                _init
 .init          0x00000000080037ac        0x8 c:/st/stm32cubeide_1.5.1/stm32cubeide/plugins/com.st.stm32cube.ide.mcu.externaltools.gnu-tools-for-stm32.7-2018-q2-update.win32_1.5.0.202011040924/tools/bin/../lib/gcc/arm-none-eabi/7.3.1/thumb/v7e-m/fpv4-sp/hard/crtn.o
 *(.fini)
 .fini          0x00000000080037b4        0x4 c:/st/stm32cubeide_1.5.1/stm32cubeide/plugins/com.st.stm32cube.ide.mcu.externaltools.gnu-tools-for-stm32.7-2018-q2-update.win32_1.5.0.202011040924/tools/bin/../lib/gcc/arm-none-eabi/7.3.1/thumb/v7e-m/fpv4-sp/hard/crti.o
                0x00000000080037b4                _fini
 .fini          0x00000000080037b8        0x8 c:/st/stm32cubeide_1.5.1/stm32cubeide/plugins/com.st.stm32cube.ide.mcu.externaltools.gnu-tools-for-stm32.7-2018-q2-update.win32_1.5.0.202011040924/tools/bin/../lib/gcc/arm-none-eabi/7.3.1/thumb/v7e-m/fpv4-sp/hard/crtn.o
                0x00000000080037c0                . = ALIGN (0x4)
                0x00000000080037c0                _etext = .

.vfp11_veneer   0x00000000080037c0        0x0
 .vfp11_veneer  0x00000000080037c0        0x0 linker stubs

.v4_bx          0x00000000080037c0        0x0
 .v4_bx         0x00000000080037c0        0x0 linker stubs

.iplt           0x00000000080037c0        0x0
 .iplt          0x00000000080037c0        0x0 c:/st/stm32cubeide_1.5.1/stm32cubeide/plugins/com.st.stm32cube.ide.mcu.externaltools.gnu-tools-for-stm32.7-2018-q2-update.win32_1.5.0.202011040924/tools/bin/../lib/gcc/arm-none-eabi/7.3.1/thumb/v7e-m/fpv4-sp/hard/crtbegin.o

.rodata         0x00000000080037c0      0x184
                0x00000000080037c0                . = ALIGN (0x4)
 *(.rodata)
 .rodata        0x00000000080037c0       0x89 Core/Src/BME280.o
 *fill*         0x0000000008003849        0x3 
 .rodata        0x000000000800384c       0x90 Core/Src/VL6180X.o
 .rodata        0x00000000080038dc       0x4e Core/Src/main.o
 *(.rodata*)
 *fill*         0x000000000800392a        0x2 
 .rodata.AHBPrescTable
                0x000000000800392c       0x10 Core/Src/system_stm32f4xx.o
                0x000000000800392c                AHBPrescTable
 .rodata.APBPrescTable
                0x000000000800393c        0x8 Core/Src/system_stm32f4xx.o
                0x000000000800393c                APBPrescTable
                0x0000000008003944                . = ALIGN (0x4)

.ARM.extab      0x0000000008003944        0x0
                0x0000000008003944                . = ALIGN (0x4)
 *(.ARM.extab* .gnu.linkonce.armextab.*)
                0x0000000008003944                . = ALIGN (0x4)

.ARM            0x0000000008003944        0x8
                0x0000000008003944                . = ALIGN (0x4)
                0x0000000008003944                __exidx_start = .
 *(.ARM.exidx*)
 .ARM.exidx     0x0000000008003944        0x8 c:/st/stm32cubeide_1.5.1/stm32cubeide/plugins/com.st.stm32cube.ide.mcu.externaltools.gnu-tools-for-stm32.7-2018-q2-update.win32_1.5.0.202011040924/tools/bin/../lib/gcc/arm-none-eabi/7.3.1/thumb/v7e-m/fpv4-sp/hard\libgcc.a(_udivmoddi4.o)
                0x000000000800394c                __exidx_end = .
                0x000000000800394c                . = ALIGN (0x4)

.rel.dyn        0x000000000800394c        0x0
 .rel.iplt      0x000000000800394c        0x0 c:/st/stm32cubeide_1.5.1/stm32cubeide/plugins/com.st.stm32cube.ide.mcu.externaltools.gnu-tools-for-stm32.7-2018-q2-update.win32_1.5.0.202011040924/tools/bin/../lib/gcc/arm-none-eabi/7.3.1/thumb/v7e-m/fpv4-sp/hard/crtbegin.o

.preinit_array  0x000000000800394c        0x0
                0x000000000800394c                . = ALIGN (0x4)
                0x000000000800394c                PROVIDE (__preinit_array_start = .)
 *(.preinit_array*)
                0x000000000800394c                PROVIDE (__preinit_array_end = .)
                0x000000000800394c                . = ALIGN (0x4)

.init_array     0x000000000800394c        0x4
                0x000000000800394c                . = ALIGN (0x4)
                0x000000000800394c                PROVIDE (__init_array_start = .)
 *(SORT_BY_NAME(.init_array.*))
 *(.init_array*)
 .init_array    0x000000000800394c        0x4 c:/st/stm32cubeide_1.5.1/stm32cubeide/plugins/com.st.stm32cube.ide.mcu.externaltools.gnu-tools-for-stm32.7-2018-q2-update.win32_1.5.0.202011040924/tools/bin/../lib/gcc/arm-none-eabi/7.3.1/thumb/v7e-m/fpv4-sp/hard/crtbegin.o
                0x0000000008003950                PROVIDE (__init_array_end = .)
                0x0000000008003950                . = ALIGN (0x4)

.fini_array     0x0000000008003950        0x4
                0x0000000008003950                . = ALIGN (0x4)
                [!provide]                        PROVIDE (__fini_array_start = .)
 *(SORT_BY_NAME(.fini_array.*))
 *(.fini_array*)
 .fini_array    0x0000000008003950        0x4 c:/st/stm32cubeide_1.5.1/stm32cubeide/plugins/com.st.stm32cube.ide.mcu.externaltools.gnu-tools-for-stm32.7-2018-q2-update.win32_1.5.0.202011040924/tools/bin/../lib/gcc/arm-none-eabi/7.3.1/thumb/v7e-m/fpv4-sp/hard/crtbegin.o
                [!provide]                        PROVIDE (__fini_array_end = .)
                0x0000000008003954                . = ALIGN (0x4)
                0x0000000008003954                _sidata = LOADADDR (.data)

.data           0x0000000020000000        0xc load address 0x0000000008003954
                0x0000000020000000                . = ALIGN (0x4)
                0x0000000020000000                _sdata = .
 *(.data)
 *(.data*)
 .data.SystemCoreClock
                0x0000000020000000        0x4 Core/Src/system_stm32f4xx.o
                0x0000000020000000                SystemCoreClock
 .data.uwTickPrio
                0x0000000020000004        0x4 Drivers/STM32F4xx_HAL_Driver/Src/stm32f4xx_hal.o
                0x0000000020000004                uwTickPrio
 .data.uwTickFreq
                0x0000000020000008        0x1 Drivers/STM32F4xx_HAL_Driver/Src/stm32f4xx_hal.o
                0x0000000020000008                uwTickFreq
 *(.RamFunc)
 *(.RamFunc*)
                0x000000002000000c                . = ALIGN (0x4)
 *fill*         0x0000000020000009        0x3 
                0x000000002000000c                _edata = .

.igot.plt       0x000000002000000c        0x0 load address 0x0000000008003960
 .igot.plt      0x000000002000000c        0x0 c:/st/stm32cubeide_1.5.1/stm32cubeide/plugins/com.st.stm32cube.ide.mcu.externaltools.gnu-tools-for-stm32.7-2018-q2-update.win32_1.5.0.202011040924/tools/bin/../lib/gcc/arm-none-eabi/7.3.1/thumb/v7e-m/fpv4-sp/hard/crtbegin.o
                0x000000002000000c                . = ALIGN (0x4)

.bss            0x000000002000000c       0xf4 load address 0x0000000008003960
                0x000000002000000c                _sbss = .
                0x000000002000000c                __bss_start__ = _sbss
 *(.bss)
 .bss           0x000000002000000c       0x1c c:/st/stm32cubeide_1.5.1/stm32cubeide/plugins/com.st.stm32cube.ide.mcu.externaltools.gnu-tools-for-stm32.7-2018-q2-update.win32_1.5.0.202011040924/tools/bin/../lib/gcc/arm-none-eabi/7.3.1/thumb/v7e-m/fpv4-sp/hard/crtbegin.o
 *(.bss*)
 *(COMMON)
 COMMON         0x0000000020000028       0x94 Core/Src/BME280.o
                0x0000000020000028                hi2c1
                0x000000002000007c                huart2
 COMMON         0x00000000200000bc       0x40 Core/Src/main.o
                0x00000000200000bc                huart4
 COMMON         0x00000000200000fc        0x4 Drivers/STM32F4xx_HAL_Driver/Src/stm32f4xx_hal.o
                0x00000000200000fc                uwTick
                0x0000000020000100                . = ALIGN (0x4)
                0x0000000020000100                _ebss = .
                0x0000000020000100                __bss_end__ = _ebss

._user_heap_stack
                0x0000000020000100      0x600 load address 0x0000000008003960
                0x0000000020000100                . = ALIGN (0x8)
                [!provide]                        PROVIDE (end = .)
                0x0000000020000100                PROVIDE (_end = .)
                0x0000000020000300                . = (. + _Min_Heap_Size)
 *fill*         0x0000000020000100      0x200 
                0x0000000020000700                . = (. + _Min_Stack_Size)
 *fill*         0x0000000020000300      0x400 
                0x0000000020000700                . = ALIGN (0x8)

/DISCARD/
 libc.a(*)
 libm.a(*)
 libgcc.a(*)

.ARM.attributes
                0x0000000000000000       0x30
 *(.ARM.attributes)
 .ARM.attributes
                0x0000000000000000       0x22 c:/st/stm32cubeide_1.5.1/stm32cubeide/plugins/com.st.stm32cube.ide.mcu.externaltools.gnu-tools-for-stm32.7-2018-q2-update.win32_1.5.0.202011040924/tools/bin/../lib/gcc/arm-none-eabi/7.3.1/thumb/v7e-m/fpv4-sp/hard/crti.o
 .ARM.attributes
                0x0000000000000022       0x34 c:/st/stm32cubeide_1.5.1/stm32cubeide/plugins/com.st.stm32cube.ide.mcu.externaltools.gnu-tools-for-stm32.7-2018-q2-update.win32_1.5.0.202011040924/tools/bin/../lib/gcc/arm-none-eabi/7.3.1/thumb/v7e-m/fpv4-sp/hard/crtbegin.o
 .ARM.attributes
                0x0000000000000056       0x39 Core/Src/BME280.o
 .ARM.attributes
                0x000000000000008f       0x39 Core/Src/SerialDebug.o
 .ARM.attributes
                0x00000000000000c8       0x39 Core/Src/VL6180X.o
 .ARM.attributes
                0x0000000000000101       0x39 Core/Src/main.o
 .ARM.attributes
                0x000000000000013a       0x39 Core/Src/stm32f4xx_hal_msp.o
 .ARM.attributes
                0x0000000000000173       0x39 Core/Src/stm32f4xx_it.o
 .ARM.attributes
                0x00000000000001ac       0x39 Core/Src/system_stm32f4xx.o
 .ARM.attributes
                0x00000000000001e5       0x21 Core/Startup/startup_stm32f446retx.o
 .ARM.attributes
                0x0000000000000206       0x39 Drivers/STM32F4xx_HAL_Driver/Src/stm32f4xx_hal.o
 .ARM.attributes
                0x000000000000023f       0x39 Drivers/STM32F4xx_HAL_Driver/Src/stm32f4xx_hal_cortex.o
 .ARM.attributes
                0x0000000000000278       0x39 Drivers/STM32F4xx_HAL_Driver/Src/stm32f4xx_hal_gpio.o
 .ARM.attributes
                0x00000000000002b1       0x39 Drivers/STM32F4xx_HAL_Driver/Src/stm32f4xx_hal_i2c.o
 .ARM.attributes
                0x00000000000002ea       0x39 Drivers/STM32F4xx_HAL_Driver/Src/stm32f4xx_hal_rcc.o
 .ARM.attributes
                0x0000000000000323       0x39 Drivers/STM32F4xx_HAL_Driver/Src/stm32f4xx_hal_rcc_ex.o
 .ARM.attributes
                0x000000000000035c       0x39 Drivers/STM32F4xx_HAL_Driver/Src/stm32f4xx_hal_uart.o
 .ARM.attributes
                0x0000000000000395       0x34 c:/st/stm32cubeide_1.5.1/stm32cubeide/plugins/com.st.stm32cube.ide.mcu.externaltools.gnu-tools-for-stm32.7-2018-q2-update.win32_1.5.0.202011040924/tools/bin/../lib/gcc/arm-none-eabi/7.3.1/../../../../arm-none-eabi/lib/thumb/v7e-m/fpv4-sp/hard\libc_nano.a(lib_a-init.o)
 .ARM.attributes
                0x00000000000003c9       0x34 c:/st/stm32cubeide_1.5.1/stm32cubeide/plugins/com.st.stm32cube.ide.mcu.externaltools.gnu-tools-for-stm32.7-2018-q2-update.win32_1.5.0.202011040924/tools/bin/../lib/gcc/arm-none-eabi/7.3.1/../../../../arm-none-eabi/lib/thumb/v7e-m/fpv4-sp/hard\libc_nano.a(lib_a-memset.o)
 .ARM.attributes
                0x00000000000003fd       0x1b c:/st/stm32cubeide_1.5.1/stm32cubeide/plugins/com.st.stm32cube.ide.mcu.externaltools.gnu-tools-for-stm32.7-2018-q2-update.win32_1.5.0.202011040924/tools/bin/../lib/gcc/arm-none-eabi/7.3.1/../../../../arm-none-eabi/lib/thumb/v7e-m/fpv4-sp/hard\libc_nano.a(lib_a-strlen.o)
 .ARM.attributes
                0x0000000000000418       0x22 c:/st/stm32cubeide_1.5.1/stm32cubeide/plugins/com.st.stm32cube.ide.mcu.externaltools.gnu-tools-for-stm32.7-2018-q2-update.win32_1.5.0.202011040924/tools/bin/../lib/gcc/arm-none-eabi/7.3.1/thumb/v7e-m/fpv4-sp/hard\libgcc.a(_aeabi_uldivmod.o)
 .ARM.attributes
                0x000000000000043a       0x34 c:/st/stm32cubeide_1.5.1/stm32cubeide/plugins/com.st.stm32cube.ide.mcu.externaltools.gnu-tools-for-stm32.7-2018-q2-update.win32_1.5.0.202011040924/tools/bin/../lib/gcc/arm-none-eabi/7.3.1/thumb/v7e-m/fpv4-sp/hard\libgcc.a(_udivmoddi4.o)
 .ARM.attributes
                0x000000000000046e       0x22 c:/st/stm32cubeide_1.5.1/stm32cubeide/plugins/com.st.stm32cube.ide.mcu.externaltools.gnu-tools-for-stm32.7-2018-q2-update.win32_1.5.0.202011040924/tools/bin/../lib/gcc/arm-none-eabi/7.3.1/thumb/v7e-m/fpv4-sp/hard\libgcc.a(_dvmd_tls.o)
 .ARM.attributes
                0x0000000000000490       0x22 c:/st/stm32cubeide_1.5.1/stm32cubeide/plugins/com.st.stm32cube.ide.mcu.externaltools.gnu-tools-for-stm32.7-2018-q2-update.win32_1.5.0.202011040924/tools/bin/../lib/gcc/arm-none-eabi/7.3.1/thumb/v7e-m/fpv4-sp/hard/crtn.o
OUTPUT(Testing.elf elf32-littlearm)

.debug_info     0x0000000000000000     0xcc19
 .debug_info    0x0000000000000000     0x15bc Core/Src/BME280.o
 .debug_info    0x00000000000015bc      0xe46 Core/Src/SerialDebug.o
 .debug_info    0x0000000000002402     0x1285 Core/Src/VL6180X.o
 .debug_info    0x0000000000003687     0x17a2 Core/Src/main.o
 .debug_info    0x0000000000004e29      0xcc4 Core/Src/stm32f4xx_hal_msp.o
 .debug_info    0x0000000000005aed      0x20a Core/Src/stm32f4xx_it.o
 .debug_info    0x0000000000005cf7      0x588 Core/Src/system_stm32f4xx.o
 .debug_info    0x000000000000627f       0x22 Core/Startup/startup_stm32f446retx.o
 .debug_info    0x00000000000062a1      0x997 Drivers/STM32F4xx_HAL_Driver/Src/stm32f4xx_hal.o
 .debug_info    0x0000000000006c38      0xe46 Drivers/STM32F4xx_HAL_Driver/Src/stm32f4xx_hal_cortex.o
 .debug_info    0x0000000000007a7e      0x803 Drivers/STM32F4xx_HAL_Driver/Src/stm32f4xx_hal_gpio.o
 .debug_info    0x0000000000008281     0x2433 Drivers/STM32F4xx_HAL_Driver/Src/stm32f4xx_hal_i2c.o
 .debug_info    0x000000000000a6b4      0x944 Drivers/STM32F4xx_HAL_Driver/Src/stm32f4xx_hal_rcc.o
 .debug_info    0x000000000000aff8      0x9d5 Drivers/STM32F4xx_HAL_Driver/Src/stm32f4xx_hal_rcc_ex.o
 .debug_info    0x000000000000b9cd     0x124c Drivers/STM32F4xx_HAL_Driver/Src/stm32f4xx_hal_uart.o

.debug_abbrev   0x0000000000000000     0x1bae
 .debug_abbrev  0x0000000000000000      0x226 Core/Src/BME280.o
 .debug_abbrev  0x0000000000000226      0x1f2 Core/Src/SerialDebug.o
 .debug_abbrev  0x0000000000000418      0x228 Core/Src/VL6180X.o
 .debug_abbrev  0x0000000000000640      0x2be Core/Src/main.o
 .debug_abbrev  0x00000000000008fe      0x18c Core/Src/stm32f4xx_hal_msp.o
 .debug_abbrev  0x0000000000000a8a       0xc6 Core/Src/stm32f4xx_it.o
 .debug_abbrev  0x0000000000000b50      0x12b Core/Src/system_stm32f4xx.o
 .debug_abbrev  0x0000000000000c7b       0x12 Core/Startup/startup_stm32f446retx.o
 .debug_abbrev  0x0000000000000c8d      0x1c7 Drivers/STM32F4xx_HAL_Driver/Src/stm32f4xx_hal.o
 .debug_abbrev  0x0000000000000e54      0x2fa Drivers/STM32F4xx_HAL_Driver/Src/stm32f4xx_hal_cortex.o
 .debug_abbrev  0x000000000000114e      0x1c9 Drivers/STM32F4xx_HAL_Driver/Src/stm32f4xx_hal_gpio.o
 .debug_abbrev  0x0000000000001317      0x254 Drivers/STM32F4xx_HAL_Driver/Src/stm32f4xx_hal_i2c.o
 .debug_abbrev  0x000000000000156b      0x245 Drivers/STM32F4xx_HAL_Driver/Src/stm32f4xx_hal_rcc.o
 .debug_abbrev  0x00000000000017b0      0x1bc Drivers/STM32F4xx_HAL_Driver/Src/stm32f4xx_hal_rcc_ex.o
 .debug_abbrev  0x000000000000196c      0x242 Drivers/STM32F4xx_HAL_Driver/Src/stm32f4xx_hal_uart.o

.debug_aranges  0x0000000000000000      0x9e0
 .debug_aranges
                0x0000000000000000       0x58 Core/Src/BME280.o
 .debug_aranges
                0x0000000000000058       0x28 Core/Src/SerialDebug.o
 .debug_aranges
                0x0000000000000080       0x40 Core/Src/VL6180X.o
 .debug_aranges
                0x00000000000000c0       0x60 Core/Src/main.o
 .debug_aranges
                0x0000000000000120       0x40 Core/Src/stm32f4xx_hal_msp.o
 .debug_aranges
                0x0000000000000160       0x60 Core/Src/stm32f4xx_it.o
 .debug_aranges
                0x00000000000001c0       0x28 Core/Src/system_stm32f4xx.o
 .debug_aranges
                0x00000000000001e8       0x28 Core/Startup/startup_stm32f446retx.o
 .debug_aranges
                0x0000000000000210       0xf0 Drivers/STM32F4xx_HAL_Driver/Src/stm32f4xx_hal.o
 .debug_aranges
                0x0000000000000300      0x118 Drivers/STM32F4xx_HAL_Driver/Src/stm32f4xx_hal_cortex.o
 .debug_aranges
                0x0000000000000418       0x58 Drivers/STM32F4xx_HAL_Driver/Src/stm32f4xx_hal_gpio.o
 .debug_aranges
                0x0000000000000470      0x2a0 Drivers/STM32F4xx_HAL_Driver/Src/stm32f4xx_hal_i2c.o
 .debug_aranges
                0x0000000000000710       0x88 Drivers/STM32F4xx_HAL_Driver/Src/stm32f4xx_hal_rcc.o
 .debug_aranges
                0x0000000000000798       0x78 Drivers/STM32F4xx_HAL_Driver/Src/stm32f4xx_hal_rcc_ex.o
 .debug_aranges
                0x0000000000000810      0x1d0 Drivers/STM32F4xx_HAL_Driver/Src/stm32f4xx_hal_uart.o

.debug_ranges   0x0000000000000000      0x920
 .debug_ranges  0x0000000000000000       0x48 Core/Src/BME280.o
 .debug_ranges  0x0000000000000048       0x18 Core/Src/SerialDebug.o
 .debug_ranges  0x0000000000000060       0x30 Core/Src/VL6180X.o
 .debug_ranges  0x0000000000000090       0x50 Core/Src/main.o
 .debug_ranges  0x00000000000000e0       0x30 Core/Src/stm32f4xx_hal_msp.o
 .debug_ranges  0x0000000000000110       0x50 Core/Src/stm32f4xx_it.o
 .debug_ranges  0x0000000000000160       0x18 Core/Src/system_stm32f4xx.o
 .debug_ranges  0x0000000000000178       0x20 Core/Startup/startup_stm32f446retx.o
 .debug_ranges  0x0000000000000198       0xe0 Drivers/STM32F4xx_HAL_Driver/Src/stm32f4xx_hal.o
 .debug_ranges  0x0000000000000278      0x108 Drivers/STM32F4xx_HAL_Driver/Src/stm32f4xx_hal_cortex.o
 .debug_ranges  0x0000000000000380       0x48 Drivers/STM32F4xx_HAL_Driver/Src/stm32f4xx_hal_gpio.o
 .debug_ranges  0x00000000000003c8      0x2b8 Drivers/STM32F4xx_HAL_Driver/Src/stm32f4xx_hal_i2c.o
 .debug_ranges  0x0000000000000680       0x78 Drivers/STM32F4xx_HAL_Driver/Src/stm32f4xx_hal_rcc.o
 .debug_ranges  0x00000000000006f8       0x68 Drivers/STM32F4xx_HAL_Driver/Src/stm32f4xx_hal_rcc_ex.o
 .debug_ranges  0x0000000000000760      0x1c0 Drivers/STM32F4xx_HAL_Driver/Src/stm32f4xx_hal_uart.o

.debug_macro    0x0000000000000000    0x22a46
 .debug_macro   0x0000000000000000      0x3a9 Core/Src/BME280.o
 .debug_macro   0x00000000000003a9      0xa5a Core/Src/BME280.o
 .debug_macro   0x0000000000000e03       0x22 Core/Src/BME280.o
 .debug_macro   0x0000000000000e25       0x40 Core/Src/BME280.o
 .debug_macro   0x0000000000000e65       0x18 Core/Src/BME280.o
 .debug_macro   0x0000000000000e7d       0x94 Core/Src/BME280.o
 .debug_macro   0x0000000000000f11       0x3c Core/Src/BME280.o
 .debug_macro   0x0000000000000f4d       0x34 Core/Src/BME280.o
 .debug_macro   0x0000000000000f81       0x16 Core/Src/BME280.o
 .debug_macro   0x0000000000000f97       0x57 Core/Src/BME280.o
 .debug_macro   0x0000000000000fee       0x97 Core/Src/BME280.o
 .debug_macro   0x0000000000001085      0x330 Core/Src/BME280.o
 .debug_macro   0x00000000000013b5       0xfd Core/Src/BME280.o
 .debug_macro   0x00000000000014b2       0x10 Core/Src/BME280.o
 .debug_macro   0x00000000000014c2       0x52 Core/Src/BME280.o
 .debug_macro   0x0000000000001514       0x1f Core/Src/BME280.o
 .debug_macro   0x0000000000001533       0x43 Core/Src/BME280.o
 .debug_macro   0x0000000000001576       0x20 Core/Src/BME280.o
 .debug_macro   0x0000000000001596      0x1a3 Core/Src/BME280.o
 .debug_macro   0x0000000000001739       0x10 Core/Src/BME280.o
 .debug_macro   0x0000000000001749       0x6a Core/Src/BME280.o
 .debug_macro   0x00000000000017b3       0x1c Core/Src/BME280.o
 .debug_macro   0x00000000000017cf       0x52 Core/Src/BME280.o
 .debug_macro   0x0000000000001821       0x40 Core/Src/BME280.o
 .debug_macro   0x0000000000001861       0x10 Core/Src/BME280.o
 .debug_macro   0x0000000000001871       0x40 Core/Src/BME280.o
 .debug_macro   0x00000000000018b1       0xd7 Core/Src/BME280.o
 .debug_macro   0x0000000000001988       0x1c Core/Src/BME280.o
 .debug_macro   0x00000000000019a4       0x3d Core/Src/BME280.o
 .debug_macro   0x00000000000019e1       0x16 Core/Src/BME280.o
 .debug_macro   0x00000000000019f7      0x145 Core/Src/BME280.o
 .debug_macro   0x0000000000001b3c       0xef Core/Src/BME280.o
 .debug_macro   0x0000000000001c2b      0x1df Core/Src/BME280.o
 .debug_macro   0x0000000000001e0a       0x16 Core/Src/BME280.o
 .debug_macro   0x0000000000001e20       0x35 Core/Src/BME280.o
 .debug_macro   0x0000000000001e55       0x20 Core/Src/BME280.o
 .debug_macro   0x0000000000001e75       0x16 Core/Src/BME280.o
 .debug_macro   0x0000000000001e8b       0x16 Core/Src/BME280.o
 .debug_macro   0x0000000000001ea1       0x29 Core/Src/BME280.o
 .debug_macro   0x0000000000001eca       0x22 Core/Src/BME280.o
 .debug_macro   0x0000000000001eec      0x294 Core/Src/BME280.o
 .debug_macro   0x0000000000002180       0x2e Core/Src/BME280.o
 .debug_macro   0x00000000000021ae       0x28 Core/Src/BME280.o
 .debug_macro   0x00000000000021d6       0x1c Core/Src/BME280.o
 .debug_macro   0x00000000000021f2       0x22 Core/Src/BME280.o
 .debug_macro   0x0000000000002214       0xd9 Core/Src/BME280.o
 .debug_macro   0x00000000000022ed     0x102d Core/Src/BME280.o
 .debug_macro   0x000000000000331a      0x11f Core/Src/BME280.o
 .debug_macro   0x0000000000003439    0x1672d Core/Src/BME280.o
 .debug_macro   0x0000000000019b66       0x43 Core/Src/BME280.o
 .debug_macro   0x0000000000019ba9     0x3659 Core/Src/BME280.o
 .debug_macro   0x000000000001d202       0x54 Core/Src/BME280.o
 .debug_macro   0x000000000001d256      0xc90 Core/Src/BME280.o
 .debug_macro   0x000000000001dee6      0x9fe Core/Src/BME280.o
 .debug_macro   0x000000000001e8e4      0x117 Core/Src/BME280.o
 .debug_macro   0x000000000001e9fb      0x1a0 Core/Src/BME280.o
 .debug_macro   0x000000000001eb9b       0x27 Core/Src/BME280.o
 .debug_macro   0x000000000001ebc2      0x16d Core/Src/BME280.o
 .debug_macro   0x000000000001ed2f      0x287 Core/Src/BME280.o
 .debug_macro   0x000000000001efb6       0x5f Core/Src/BME280.o
 .debug_macro   0x000000000001f015      0x236 Core/Src/BME280.o
 .debug_macro   0x000000000001f24b      0x132 Core/Src/BME280.o
 .debug_macro   0x000000000001f37d      0x29c Core/Src/BME280.o
 .debug_macro   0x000000000001f619       0x2e Core/Src/BME280.o
 .debug_macro   0x000000000001f647      0x1b5 Core/Src/BME280.o
 .debug_macro   0x000000000001f7fc       0x22 Core/Src/BME280.o
 .debug_macro   0x000000000001f81e       0xd6 Core/Src/BME280.o
 .debug_macro   0x000000000001f8f4      0x11a Core/Src/BME280.o
 .debug_macro   0x000000000001fa0e       0xe8 Core/Src/BME280.o
 .debug_macro   0x000000000001faf6       0x89 Core/Src/BME280.o
 .debug_macro   0x000000000001fb7f      0x287 Core/Src/BME280.o
 .debug_macro   0x000000000001fe06      0x126 Core/Src/BME280.o
 .debug_macro   0x000000000001ff2c       0x58 Core/Src/BME280.o
 .debug_macro   0x000000000001ff84      0x36c Core/Src/SerialDebug.o
 .debug_macro   0x00000000000202f0      0x397 Core/Src/VL6180X.o
 .debug_macro   0x0000000000020687       0x16 Core/Src/VL6180X.o
 .debug_macro   0x000000000002069d      0x51a Core/Src/VL6180X.o
 .debug_macro   0x0000000000020bb7      0x3b5 Core/Src/main.o
 .debug_macro   0x0000000000020f6c       0x8e Core/Src/main.o
 .debug_macro   0x0000000000020ffa       0x51 Core/Src/main.o
 .debug_macro   0x000000000002104b       0xdf Core/Src/main.o
 .debug_macro   0x000000000002112a      0x174 Core/Src/main.o
 .debug_macro   0x000000000002129e       0x5a Core/Src/main.o
 .debug_macro   0x00000000000212f8       0x46 Core/Src/main.o
 .debug_macro   0x000000000002133e      0x32a Core/Src/main.o
 .debug_macro   0x0000000000021668       0x10 Core/Src/main.o
 .debug_macro   0x0000000000021678       0x1c Core/Src/main.o
 .debug_macro   0x0000000000021694       0x22 Core/Src/main.o
 .debug_macro   0x00000000000216b6       0x22 Core/Src/main.o
 .debug_macro   0x00000000000216d8      0x1e2 Core/Src/stm32f4xx_hal_msp.o
 .debug_macro   0x00000000000218ba      0x1ec Core/Src/stm32f4xx_it.o
 .debug_macro   0x0000000000021aa6      0x1d9 Core/Src/system_stm32f4xx.o
 .debug_macro   0x0000000000021c7f      0x233 Drivers/STM32F4xx_HAL_Driver/Src/stm32f4xx_hal.o
 .debug_macro   0x0000000000021eb2      0x1d3 Drivers/STM32F4xx_HAL_Driver/Src/stm32f4xx_hal_cortex.o
 .debug_macro   0x0000000000022085      0x209 Drivers/STM32F4xx_HAL_Driver/Src/stm32f4xx_hal_gpio.o
 .debug_macro   0x000000000002228e      0x21a Drivers/STM32F4xx_HAL_Driver/Src/stm32f4xx_hal_i2c.o
 .debug_macro   0x00000000000224a8      0x1f7 Drivers/STM32F4xx_HAL_Driver/Src/stm32f4xx_hal_rcc.o
 .debug_macro   0x000000000002269f      0x1d3 Drivers/STM32F4xx_HAL_Driver/Src/stm32f4xx_hal_rcc_ex.o
 .debug_macro   0x0000000000022872      0x1d4 Drivers/STM32F4xx_HAL_Driver/Src/stm32f4xx_hal_uart.o

.debug_line     0x0000000000000000     0x96c2
 .debug_line    0x0000000000000000      0x9e9 Core/Src/BME280.o
 .debug_line    0x00000000000009e9      0x8e4 Core/Src/SerialDebug.o
 .debug_line    0x00000000000012cd      0x980 Core/Src/VL6180X.o
 .debug_line    0x0000000000001c4d      0xa1e Core/Src/main.o
 .debug_line    0x000000000000266b      0x737 Core/Src/stm32f4xx_hal_msp.o
 .debug_line    0x0000000000002da2      0x769 Core/Src/stm32f4xx_it.o
 .debug_line    0x000000000000350b      0x6dc Core/Src/system_stm32f4xx.o
 .debug_line    0x0000000000003be7       0x85 Core/Startup/startup_stm32f446retx.o
 .debug_line    0x0000000000003c6c      0x8c6 Drivers/STM32F4xx_HAL_Driver/Src/stm32f4xx_hal.o
 .debug_line    0x0000000000004532      0x9ea Drivers/STM32F4xx_HAL_Driver/Src/stm32f4xx_hal_cortex.o
 .debug_line    0x0000000000004f1c      0x891 Drivers/STM32F4xx_HAL_Driver/Src/stm32f4xx_hal_gpio.o
 .debug_line    0x00000000000057ad     0x1b74 Drivers/STM32F4xx_HAL_Driver/Src/stm32f4xx_hal_i2c.o
 .debug_line    0x0000000000007321      0x91e Drivers/STM32F4xx_HAL_Driver/Src/stm32f4xx_hal_rcc.o
 .debug_line    0x0000000000007c3f      0xaaf Drivers/STM32F4xx_HAL_Driver/Src/stm32f4xx_hal_rcc_ex.o
 .debug_line    0x00000000000086ee      0xfd4 Drivers/STM32F4xx_HAL_Driver/Src/stm32f4xx_hal_uart.o

.debug_str      0x0000000000000000    0xcb6a1
 .debug_str     0x0000000000000000    0xc7a3b Core/Src/BME280.o
                                      0xc7de8 (size before relaxing)
 .debug_str     0x00000000000c7a3b       0x3d Core/Src/SerialDebug.o
                                      0xc7748 (size before relaxing)
 .debug_str     0x00000000000c7a78     0x108c Core/Src/VL6180X.o
                                      0xc8a86 (size before relaxing)
 .debug_str     0x00000000000c8b04      0x40a Core/Src/main.o
                                      0xc8e3e (size before relaxing)
 .debug_str     0x00000000000c8f0e       0x7d Core/Src/stm32f4xx_hal_msp.o
                                      0xc3a36 (size before relaxing)
 .debug_str     0x00000000000c8f8b       0xbd Core/Src/stm32f4xx_it.o
                                      0xc3260 (size before relaxing)
 .debug_str     0x00000000000c9048       0xc4 Core/Src/system_stm32f4xx.o
                                      0xc3258 (size before relaxing)
 .debug_str     0x00000000000c910c       0x36 Core/Startup/startup_stm32f446retx.o
                                         0x68 (size before relaxing)
 .debug_str     0x00000000000c9142      0xa7d Drivers/STM32F4xx_HAL_Driver/Src/stm32f4xx_hal.o
                                      0xc3d66 (size before relaxing)
 .debug_str     0x00000000000c9bbf      0x399 Drivers/STM32F4xx_HAL_Driver/Src/stm32f4xx_hal_cortex.o
                                      0xc3b30 (size before relaxing)
 .debug_str     0x00000000000c9f58      0x207 Drivers/STM32F4xx_HAL_Driver/Src/stm32f4xx_hal_gpio.o
                                      0xc3497 (size before relaxing)
 .debug_str     0x00000000000ca15f      0xac3 Drivers/STM32F4xx_HAL_Driver/Src/stm32f4xx_hal_i2c.o
                                      0xc41a5 (size before relaxing)
 .debug_str     0x00000000000cac22      0x24e Drivers/STM32F4xx_HAL_Driver/Src/stm32f4xx_hal_rcc.o
                                      0xc364a (size before relaxing)
 .debug_str     0x00000000000cae70      0x324 Drivers/STM32F4xx_HAL_Driver/Src/stm32f4xx_hal_rcc_ex.o
                                      0xc369c (size before relaxing)
 .debug_str     0x00000000000cb194      0x50d Drivers/STM32F4xx_HAL_Driver/Src/stm32f4xx_hal_uart.o
                                      0xc3a7f (size before relaxing)

.comment        0x0000000000000000       0x7b
 .comment       0x0000000000000000       0x7b Core/Src/BME280.o
                                         0x7c (size before relaxing)
 .comment       0x000000000000007b       0x7c Core/Src/SerialDebug.o
 .comment       0x000000000000007b       0x7c Core/Src/VL6180X.o
 .comment       0x000000000000007b       0x7c Core/Src/main.o
 .comment       0x000000000000007b       0x7c Core/Src/stm32f4xx_hal_msp.o
 .comment       0x000000000000007b       0x7c Core/Src/stm32f4xx_it.o
 .comment       0x000000000000007b       0x7c Core/Src/system_stm32f4xx.o
 .comment       0x000000000000007b       0x7c Drivers/STM32F4xx_HAL_Driver/Src/stm32f4xx_hal.o
 .comment       0x000000000000007b       0x7c Drivers/STM32F4xx_HAL_Driver/Src/stm32f4xx_hal_cortex.o
 .comment       0x000000000000007b       0x7c Drivers/STM32F4xx_HAL_Driver/Src/stm32f4xx_hal_gpio.o
 .comment       0x000000000000007b       0x7c Drivers/STM32F4xx_HAL_Driver/Src/stm32f4xx_hal_i2c.o
 .comment       0x000000000000007b       0x7c Drivers/STM32F4xx_HAL_Driver/Src/stm32f4xx_hal_rcc.o
 .comment       0x000000000000007b       0x7c Drivers/STM32F4xx_HAL_Driver/Src/stm32f4xx_hal_rcc_ex.o
 .comment       0x000000000000007b       0x7c Drivers/STM32F4xx_HAL_Driver/Src/stm32f4xx_hal_uart.o

.debug_frame    0x0000000000000000     0x2808
 .debug_frame   0x0000000000000000      0x130 Core/Src/BME280.o
 .debug_frame   0x0000000000000130       0x5c Core/Src/SerialDebug.o
 .debug_frame   0x000000000000018c       0xc4 Core/Src/VL6180X.o
 .debug_frame   0x0000000000000250      0x124 Core/Src/main.o
 .debug_frame   0x0000000000000374       0xc4 Core/Src/stm32f4xx_hal_msp.o
 .debug_frame   0x0000000000000438      0x104 Core/Src/stm32f4xx_it.o
 .debug_frame   0x000000000000053c       0x58 Core/Src/system_stm32f4xx.o
 .debug_frame   0x0000000000000594      0x374 Drivers/STM32F4xx_HAL_Driver/Src/stm32f4xx_hal.o
 .debug_frame   0x0000000000000908      0x498 Drivers/STM32F4xx_HAL_Driver/Src/stm32f4xx_hal_cortex.o
 .debug_frame   0x0000000000000da0      0x14c Drivers/STM32F4xx_HAL_Driver/Src/stm32f4xx_hal_gpio.o
 .debug_frame   0x0000000000000eec      0xc5c Drivers/STM32F4xx_HAL_Driver/Src/stm32f4xx_hal_i2c.o
 .debug_frame   0x0000000000001b48      0x1f0 Drivers/STM32F4xx_HAL_Driver/Src/stm32f4xx_hal_rcc.o
 .debug_frame   0x0000000000001d38      0x1e0 Drivers/STM32F4xx_HAL_Driver/Src/stm32f4xx_hal_rcc_ex.o
 .debug_frame   0x0000000000001f18      0x844 Drivers/STM32F4xx_HAL_Driver/Src/stm32f4xx_hal_uart.o
 .debug_frame   0x000000000000275c       0x2c c:/st/stm32cubeide_1.5.1/stm32cubeide/plugins/com.st.stm32cube.ide.mcu.externaltools.gnu-tools-for-stm32.7-2018-q2-update.win32_1.5.0.202011040924/tools/bin/../lib/gcc/arm-none-eabi/7.3.1/../../../../arm-none-eabi/lib/thumb/v7e-m/fpv4-sp/hard\libc_nano.a(lib_a-init.o)
 .debug_frame   0x0000000000002788       0x20 c:/st/stm32cubeide_1.5.1/stm32cubeide/plugins/com.st.stm32cube.ide.mcu.externaltools.gnu-tools-for-stm32.7-2018-q2-update.win32_1.5.0.202011040924/tools/bin/../lib/gcc/arm-none-eabi/7.3.1/../../../../arm-none-eabi/lib/thumb/v7e-m/fpv4-sp/hard\libc_nano.a(lib_a-memset.o)
 .debug_frame   0x00000000000027a8       0x2c c:/st/stm32cubeide_1.5.1/stm32cubeide/plugins/com.st.stm32cube.ide.mcu.externaltools.gnu-tools-for-stm32.7-2018-q2-update.win32_1.5.0.202011040924/tools/bin/../lib/gcc/arm-none-eabi/7.3.1/thumb/v7e-m/fpv4-sp/hard\libgcc.a(_aeabi_uldivmod.o)
 .debug_frame   0x00000000000027d4       0x34 c:/st/stm32cubeide_1.5.1/stm32cubeide/plugins/com.st.stm32cube.ide.mcu.externaltools.gnu-tools-for-stm32.7-2018-q2-update.win32_1.5.0.202011040924/tools/bin/../lib/gcc/arm-none-eabi/7.3.1/thumb/v7e-m/fpv4-sp/hard\libgcc.a(_udivmoddi4.o)
