main.c:105:5:main	96	static
main.c:195:7:CheckBatteryVoltage	16	static
main.c:221:6:EnableRegulator	216	static
main.c:248:6:CheckTestButton	8	static
main.c:267:6:ConfigureTransmission	16	static
main.c:283:5:TransmitData	32	static
main.c:334:10:TestMask	128	static
main.c:389:6:DISTANCE_LED_OFF	8	static
main.c:395:6:DISTANCE_LED_ON	8	static
main.c:401:6:check_range	512	static
main.c:429:6:SystemClock_Config	88	static
main.c:481:13:MX_ADC1_Init	24	static
main.c:531:13:MX_I2C1_Init	8	static
main.c:565:13:MX_UART4_Init	8	static
main.c:598:13:MX_USART1_UART_Init	8	static
main.c:631:13:MX_USART2_UART_Init	8	static
main.c:664:13:MX_USART6_UART_Init	8	static
main.c:697:13:MX_GPIO_Init	48	static
main.c:733:6:Error_Handler	4	static,ignoring_inline_asm
