main.c:93:5:main	96	static
main.c:180:6:CheckTestButton	8	static
main.c:199:6:ConfigureTransmission	16	static
main.c:215:5:TransmitData	32	static
main.c:266:10:TestMask	128	static
main.c:321:13:DISTANCE_LED_OFF	8	static
main.c:327:13:DISTANCE_LED_ON	8	static
main.c:333:6:check_range	64	static
main.c:360:6:SystemClock_Config	88	static
main.c:412:13:MX_I2C1_Init	8	static
main.c:446:13:MX_UART4_Init	8	static
main.c:479:13:MX_USART2_UART_Init	8	static
main.c:512:13:MX_GPIO_Init	48	static
main.c:558:6:Error_Handler	4	static,ignoring_inline_asm
